[robuxportal.com/index.html]
[backblue.gif]
[fade.gif]
[index.html]
[cdn.onesignal.com/sdks/OneSignalSDK.js]
[robuxportal.com/bootstrap.min.css]
[robuxportal.com/devices.min.css]
[robuxportal.com/main.css]
[robuxportal.com/favicon.ico]
[robuxportal.com/LOGO.png]
[robuxportal.com/Robux.png]
[robuxportal.com/BOTTOM.jpg]
[robuxportal.com/popper.min.js]
[robuxportal.com/jquery-3.4.1.min.js]
[robuxportal.com/bootstrap.min.js]
[robuxportal.com/countUp.js]
[robuxportal.com/main.js]
[robuxportal.com/og2309.php]
[robuxportal.com/index.html]
[robuxportal.com/bootstrap.min.css]
[robuxportal.com/devices.min.css]
[robuxportal.com/ClarikaGrotesque-Regular.woff2]
[robuxportal.com/ClarikaGrotesque-Regular.woff]
[robuxportal.com/ClarikaGrotesque-Bold.woff2]
[robuxportal.com/ClarikaGrotesque-Bold.woff]
[robuxportal.com/ClarikaGrotesque-Medium.woff2]
[robuxportal.com/ClarikaGrotesque-Medium.woff]
[robuxportal.com/ClarikaGrotesque-Light.woff2]
[robuxportal.com/ClarikaGrotesque-Light.woff]
[robuxportal.com/main.css]
